<?xml version="1.0" encoding="UTF-8"?>
<testsuites>
  <testsuite name="D:\Laravel\EJeepMis\phpunit.xml" tests="1" assertions="1" errors="0" failures="1" skipped="0" time="1.005234">
    <testsuite name="Feature" tests="1" assertions="1" errors="0" failures="1" skipped="0" time="1.005234">
      <testsuite name="Tests\Feature\DriverStatusChangeTest" file="D:\Laravel\EJeepMis\tests\Feature\DriverStatusChangeTest.php" tests="1" assertions="1" errors="0" failures="1" skipped="0" time="1.005234">
        <testcase name="test_admin_can_reply_to_status_change_notification" file="D:\Laravel\EJeepMis\tests\Feature\DriverStatusChangeTest.php" line="116" class="Tests\Feature\DriverStatusChangeTest" classname="Tests.Feature.DriverStatusChangeTest" assertions="1" time="1.005234">
          <failure type="PHPUnit\Framework\ExpectationFailedException">Tests\Feature\DriverStatusChangeTest::test_admin_can_reply_to_status_change_notification&#13;
Expected response status code [201, 301, 302, 303, 307, 308] but received 403.
Failed asserting that false is true.
&#13;
D:\Laravel\EJeepMis\vendor\laravel\framework\src\Illuminate\Testing\TestResponseAssert.php:45
D:\Laravel\EJeepMis\vendor\laravel\framework\src\Illuminate\Testing\TestResponse.php:199
D:\Laravel\EJeepMis\tests\Feature\DriverStatusChangeTest.php:139</failure>
        </testcase>
      </testsuite>
    </testsuite>
  </testsuite>
</testsuites>
